Archive member included because of file (symbol)

/home/unix/Arduino/Thermostat_RottaryButton/Phaethon/atmega328_Core/u8glib/Debug/libu8glib.a(u8g_bitmap.o)
                              ./main.o (u8g_DrawXBMP)
/home/unix/Arduino/Thermostat_RottaryButton/Phaethon/atmega328_Core/u8glib/Debug/libu8glib.a(u8g_circle.o)
                              ./main.o (u8g_DrawCircle)
/home/unix/Arduino/Thermostat_RottaryButton/Phaethon/atmega328_Core/u8glib/Debug/libu8glib.a(u8g_clip.o)
                              /home/unix/Arduino/Thermostat_RottaryButton/Phaethon/atmega328_Core/u8glib/Debug/libu8glib.a(u8g_bitmap.o) (u8g_IsBBXIntersection)
/home/unix/Arduino/Thermostat_RottaryButton/Phaethon/atmega328_Core/u8glib/Debug/libu8glib.a(u8g_dev_ssd1306_128x64.o)
                              ./main.o (u8g_dev_ssd1306_128x64_i2c)
/home/unix/Arduino/Thermostat_RottaryButton/Phaethon/atmega328_Core/u8glib/Debug/libu8glib.a(u8g_font.o)
                              ./ds1307/ds1307.o (u8g_DrawStr)
/home/unix/Arduino/Thermostat_RottaryButton/Phaethon/atmega328_Core/u8glib/Debug/libu8glib.a(u8g_font_data.o)
                              ./main.o (u8g_font_fub17)
/home/unix/Arduino/Thermostat_RottaryButton/Phaethon/atmega328_Core/u8glib/Debug/libu8glib.a(u8g_ll_api.o)
                              ./main.o (u8g_InitI2C)
/home/unix/Arduino/Thermostat_RottaryButton/Phaethon/atmega328_Core/u8glib/Debug/libu8glib.a(u8g_pb.o)
                              /home/unix/Arduino/Thermostat_RottaryButton/Phaethon/atmega328_Core/u8glib/Debug/libu8glib.a(u8g_dev_ssd1306_128x64.o) (u8g_pb_WriteBuffer)
/home/unix/Arduino/Thermostat_RottaryButton/Phaethon/atmega328_Core/u8glib/Debug/libu8glib.a(u8g_pb16v1.o)
                              /home/unix/Arduino/Thermostat_RottaryButton/Phaethon/atmega328_Core/u8glib/Debug/libu8glib.a(u8g_dev_ssd1306_128x64.o) (u8g_dev_pb16v1_base_fn)
/home/unix/Arduino/Thermostat_RottaryButton/Phaethon/atmega328_Core/u8glib/Debug/libu8glib.a(u8g_pb8v1.o)
                              /home/unix/Arduino/Thermostat_RottaryButton/Phaethon/atmega328_Core/u8glib/Debug/libu8glib.a(u8g_dev_ssd1306_128x64.o) (u8g_dev_pb8v1_base_fn)
/home/unix/Arduino/Thermostat_RottaryButton/Phaethon/atmega328_Core/u8glib/Debug/libu8glib.a(u8g_rect.o)
                              /home/unix/Arduino/Thermostat_RottaryButton/Phaethon/atmega328_Core/u8glib/Debug/libu8glib.a(u8g_circle.o) (u8g_DrawVLine)
/home/unix/Arduino/Thermostat_RottaryButton/Phaethon/atmega328_Core/u8glib/Debug/libu8glib.a(u8g_state.o)
                              /home/unix/Arduino/Thermostat_RottaryButton/Phaethon/atmega328_Core/u8glib/Debug/libu8glib.a(u8g_ll_api.o) (u8g_state_dummy_cb)
/home/unix/Arduino/Thermostat_RottaryButton/Phaethon/atmega328_Core/u8glib/Debug/libu8glib.a(u8g_com_api.o)
                              /home/unix/Arduino/Thermostat_RottaryButton/Phaethon/atmega328_Core/u8glib/Debug/libu8glib.a(u8g_dev_ssd1306_128x64.o) (u8g_InitCom)
/home/unix/Arduino/Thermostat_RottaryButton/Phaethon/atmega328_Core/u8glib/Debug/libu8glib.a(u8g_com_arduino_ssd_i2c.o)
                              /home/unix/Arduino/Thermostat_RottaryButton/Phaethon/atmega328_Core/u8glib/Debug/libu8glib.a(u8g_dev_ssd1306_128x64.o) (u8g_com_arduino_ssd_i2c_fn)
/home/unix/Arduino/Thermostat_RottaryButton/Phaethon/atmega328_Core/u8glib/Debug/libu8glib.a(u8g_com_atmega_hw_spi.o)
                              /home/unix/Arduino/Thermostat_RottaryButton/Phaethon/atmega328_Core/u8glib/Debug/libu8glib.a(u8g_dev_ssd1306_128x64.o) (u8g_com_atmega_hw_spi_fn)
/home/unix/Arduino/Thermostat_RottaryButton/Phaethon/atmega328_Core/u8glib/Debug/libu8glib.a(u8g_com_atmega_sw_spi.o)
                              /home/unix/Arduino/Thermostat_RottaryButton/Phaethon/atmega328_Core/u8glib/Debug/libu8glib.a(u8g_dev_ssd1306_128x64.o) (u8g_com_atmega_sw_spi_fn)
/home/unix/Arduino/Thermostat_RottaryButton/Phaethon/atmega328_Core/u8glib/Debug/libu8glib.a(u8g_com_i2c.o)
                              /home/unix/Arduino/Thermostat_RottaryButton/Phaethon/atmega328_Core/u8glib/Debug/libu8glib.a(u8g_com_arduino_ssd_i2c.o) (u8g_i2c_init)
/home/unix/Arduino/Thermostat_RottaryButton/Phaethon/atmega328_Core/u8glib/Debug/libu8glib.a(u8g_com_io.o)
                              /home/unix/Arduino/Thermostat_RottaryButton/Phaethon/atmega328_Core/u8glib/Debug/libu8glib.a(u8g_com_atmega_hw_spi.o) (u8g_SetPIOutput)
/home/unix/Arduino/Thermostat_RottaryButton/Phaethon/atmega328_Core/u8glib/Debug/libu8glib.a(u8g_delay.o)
                              /home/unix/Arduino/Thermostat_RottaryButton/Phaethon/atmega328_Core/u8glib/Debug/libu8glib.a(u8g_com_api.o) (u8g_Delay)
/home/unix/Arduino/Thermostat_RottaryButton/Phaethon/atmega328_Core/u8glib/Debug/libu8glib.a(u8g_page.o)
                              /home/unix/Arduino/Thermostat_RottaryButton/Phaethon/atmega328_Core/u8glib/Debug/libu8glib.a(u8g_pb16v1.o) (u8g_page_First)
/usr/lib/gcc/avr/4.8.2/avr5/libgcc.a(_mulshisi3.o)
                              ./PID/pid.o (__mulshisi3)
[...]
Memory Configuration

Name             Origin             Length             Attributes
text             0x0000000000000000 0x0000000000020000 xr
data             0x0000000000800060 0x000000000000ffa0 rw !x
eeprom           0x0000000000810000 0x0000000000010000 rw !x
fuse             0x0000000000820000 0x0000000000000400 rw !x
lock             0x0000000000830000 0x0000000000000400 rw !x
signature        0x0000000000840000 0x0000000000000400 rw !x
*default*        0x0000000000000000 0xffffffffffffffff

Linker script and memory map

Address of section .data set to 0x800100
LOAD /usr/lib/gcc/avr/4.8.2/../../../../avr/lib/avr5/crtm328.o
LOAD ./timerInterrupt/timerInterrupt.o
LOAD ./i2c/i2c.o
LOAD ./eeprom_calib/eeprom_calib.o
LOAD ./ds1307/ds1307.o
LOAD ./ctrlSystem/Ctrl_Subsystem.o
LOAD ./adt7301/temperatureSens.o
LOAD ./SPI/spi.o
LOAD ./RotaryEncoderButton/RtrEncdBtn.o
LOAD ./PID/pid.o
LOAD ./OLED_graphics/OLED_graphics.o
LOAD ./HeatingSystem/heatingSys.o
LOAD ./main.o
LOAD /home/unix/Arduino/Thermostat_RottaryButton/Phaethon/atmega328_Core/u8glib/Debug/libu8glib.a
START GROUP
LOAD /usr/lib/gcc/avr/4.8.2/avr5/libgcc.a
LOAD /usr/lib/gcc/avr/4.8.2/../../../../avr/lib/avr5/libm.a
LOAD /usr/lib/gcc/avr/4.8.2/../../../../avr/lib/avr5/libc.a
END GROUP

.hash
 *(.hash)

.dynsym
 *(.dynsym)

.dynstr
 *(.dynstr)

.gnu.version
 *(.gnu.version)

.gnu.version_d
 *(.gnu.version_d)

.gnu.version_r
 *(.gnu.version_r)

.rel.init
 *(.rel.init)

.rela.init
 *(.rela.init)

.rel.text
 *(.rel.text)
 *(.rel.text.*)
 *(.rel.gnu.linkonce.t*)

.rela.text
 *(.rela.text)
 *(.rela.text.*)
 *(.rela.gnu.linkonce.t*)

.rel.fini
 *(.rel.fini)

.rela.fini
 *(.rela.fini)

.rel.rodata
 *(.rel.rodata)
 *(.rel.rodata.*)
 *(.rel.gnu.linkonce.r*)

.rela.rodata
 *(.rela.rodata)
 *(.rela.rodata.*)
 *(.rela.gnu.linkonce.r*)

.rel.data
 *(.rel.data)
 *(.rel.data.*)
 *(.rel.gnu.linkonce.d*)

.rela.data
 *(.rela.data)
 *(.rela.data.*)
 *(.rela.gnu.linkonce.d*)

.rel.ctors
 *(.rel.ctors)

.rela.ctors
 *(.rela.ctors)

.rel.dtors
 *(.rel.dtors)

.rela.dtors
 *(.rela.dtors)

.rel.got
 *(.rel.got)

.rela.got
 *(.rela.got)

.rel.bss
 *(.rel.bss)

.rela.bss
 *(.rela.bss)

.rel.plt
 *(.rel.plt)

.rela.plt
 *(.rela.plt)

.text           0x0000000000000000     0x67fc
 *(.vectors)
 .vectors       0x0000000000000000       0x68 /usr/lib/gcc/avr/4.8.2/../../../../avr/lib/avr5/crtm328.o
                0x0000000000000000                __vectors
                0x0000000000000000                __vector_default
 *(.vectors)
 *(.progmem.gcc*)
                0x0000000000000068                . = ALIGN (0x2)
                0x0000000000000068                __trampolines_start = .
 *(.trampolines)
 .trampolines   0x0000000000000068        0x0 linker stubs
 *(.trampolines*)
                0x0000000000000068                __trampolines_end = .
 *(.progmem*)
 .progmem.data.__c.3902
                0x0000000000000068        0xd ./ds1307/ds1307.o
 .progmem.data.__c.3900
                0x0000000000000075       0x12 ./ds1307/ds1307.o
 .progmem.data.__c.3898
                0x0000000000000087       0x10 ./ds1307/ds1307.o
 .progmem.data.nifada_xioniou_bits
                0x0000000000000097       0x90 ./OLED_graphics/OLED_graphics.o
                0x0000000000000097                nifada_xioniou_bits
 .progmem.data.flame_bits
                0x0000000000000127       0xd2 ./OLED_graphics/OLED_graphics.o
                0x0000000000000127                flame_bits
 .progmem.data.offTimesPM
                0x00000000000001f9        0xe ./HeatingSystem/heatingSys.o
                0x00000000000001f9                offTimesPM
 .progmem.data.onTimesPM
                0x0000000000000207        0xe ./HeatingSystem/heatingSys.o
                0x0000000000000207                onTimesPM
 .progmem.data.offTimesAM
                0x0000000000000215        0xe ./HeatingSystem/heatingSys.o
                0x0000000000000215                offTimesAM
 .progmem.data.onTimesAM
                0x0000000000000223        0xe ./HeatingSystem/heatingSys.o
                0x0000000000000223                onTimesAM
 .progmem.data.__c.4106
                0x0000000000000231        0x5 ./main.o
 .progmem.data.__c.4103
                0x0000000000000236        0xe ./main.o
 .progmem.data.__c.4101
                0x0000000000000244        0x8 ./main.o
 .progmem.data.__c.4086
                0x000000000000024c        0xb ./main.o
 .progmem.data.__c.4084
                0x0000000000000257        0xa ./main.o
 .progmem.data.__c.4081
                0x0000000000000261        0x8 ./main.o
 .progmem.data.__c.4079
                0x0000000000000269        0xa ./main.o
 .progmem.data.__c.4077
                0x0000000000000273        0xa ./main.o
 .progmem.data.__c.4075
                0x000000000000027d        0xa ./main.o
 .progmem.data.__c.4073
                0x0000000000000287        0xa ./main.o
 .progmem.data.__c.4071
                0x0000000000000291        0x8 ./main.o
 .progmem.data.__c.4069
                0x0000000000000299        0x8 ./main.o
 .progmem.data.__c.4067
                0x00000000000002a1        0xc ./main.o
 .progmem.data.u8g_dev_ssd13xx_sleep_off
                0x00000000000002ad        0xb /home/unix/Arduino/Thermostat_RottaryButton/Phaethon/atmega328_Core/u8glib/Debug/libu8glib.a(u8g_dev_ssd1306_128x64.o)
 .progmem.data.u8g_dev_ssd13xx_sleep_on
                0x00000000000002b8        0x9 /home/unix/Arduino/Thermostat_RottaryButton/Phaethon/atmega328_Core/u8glib/Debug/libu8glib.a(u8g_dev_ssd1306_128x64.o)
 .progmem.data.u8g_dev_ssd1306_128x64_data_start
                0x00000000000002c1        0x8 /home/unix/Arduino/Thermostat_RottaryButton/Phaethon/atmega328_Core/u8glib/Debug/libu8glib.a(u8g_dev_ssd1306_128x64.o)
 .progmem.data.u8g_dev_ssd1306_128x64_adafruit2_init_seq
                0x00000000000002c9       0x26 /home/unix/Arduino/Thermostat_RottaryButton/Phaethon/atmega328_Core/u8glib/Debug/libu8glib.a(u8g_dev_ssd1306_128x64.o)
 .progmem.u8g_font_fub17
                0x00000000000002ef     0x1b1a /home/unix/Arduino/Thermostat_RottaryButton/Phaethon/atmega328_Core/u8glib/Debug/libu8glib.a(u8g_font_data.o)
                0x00000000000002ef                u8g_font_fub17
 .progmem.u8g_font_9x18r
                0x0000000000001e09      0x590 /home/unix/Arduino/Thermostat_RottaryButton/Phaethon/atmega328_Core/u8glib/Debug/libu8glib.a(u8g_font_data.o)
                0x0000000000001e09                u8g_font_9x18r
 .progmem.u8g_font_6x10
                0x0000000000002399      0x74a /home/unix/Arduino/Thermostat_RottaryButton/Phaethon/atmega328_Core/u8glib/Debug/libu8glib.a(u8g_font_data.o)
                0x0000000000002399                u8g_font_6x10
 .progmem.u8g_font_10x20
                0x0000000000002ae3      0xd7d /home/unix/Arduino/Thermostat_RottaryButton/Phaethon/atmega328_Core/u8glib/Debug/libu8glib.a(u8g_font_data.o)
                0x0000000000002ae3                u8g_font_10x20
                0x0000000000003860                . = ALIGN (0x2)
 *(.jumptables)
 *(.jumptables*)
 *(.lowtext)
 *(.lowtext*)
                0x0000000000003860                __ctors_start = .
 *(.ctors)
                0x0000000000003860                __ctors_end = .
                0x0000000000003860                __dtors_start = .
 *(.dtors)
                0x0000000000003860                __dtors_end = .
 SORT(*)(.ctors)
 SORT(*)(.dtors)
 *(.init0)
 .init0         0x0000000000003860        0x0 /usr/lib/gcc/avr/4.8.2/../../../../avr/lib/avr5/crtm328.o
                0x0000000000003860                __init
 *(.init0)
 *(.init1)
 *(.init1)
 *(.init2)
 .init2         0x0000000000003860        0xc /usr/lib/gcc/avr/4.8.2/../../../../avr/lib/avr5/crtm328.o
 *(.init2)
 *(.init3)
 *(.init3)
 *(.init4)
 .init4         0x000000000000386c       0x16 /usr/lib/gcc/avr/4.8.2/avr5/libgcc.a(_copy_data.o)
                0x000000000000386c                __do_copy_data
 .init4         0x0000000000003882       0x10 /usr/lib/gcc/avr/4.8.2/avr5/libgcc.a(_clear_bss.o)
                0x0000000000003882                __do_clear_bss
 *(.init4)
 *(.init5)
 *(.init5)
 *(.init6)
 *(.init6)
 *(.init7)
 *(.init7)
 *(.init8)
 *(.init8)
 *(.init9)
 .init9         0x0000000000003892        0x8 /usr/lib/gcc/avr/4.8.2/../../../../avr/lib/avr5/crtm328.o
 *(.init9)
 *(.text)
 .text          0x000000000000389a        0x4 /usr/lib/gcc/avr/4.8.2/../../../../avr/lib/avr5/crtm328.o
                0x000000000000389a                __vector_22
                0x000000000000389a                __vector_24
                0x000000000000389a                __vector_12
                0x000000000000389a                __bad_interrupt
                0x000000000000389a                __vector_6
                0x000000000000389a                __vector_3
                0x000000000000389a                __vector_23
                0x000000000000389a                __vector_25
                0x000000000000389a                __vector_13
                0x000000000000389a                __vector_17
                0x000000000000389a                __vector_19
                0x000000000000389a                __vector_7
                0x000000000000389a                __vector_5
                0x000000000000389a                __vector_4
                0x000000000000389a                __vector_9
                0x000000000000389a                __vector_21
                0x000000000000389a                __vector_15
                0x000000000000389a                __vector_8
                0x000000000000389a                __vector_14
                0x000000000000389a                __vector_10
                0x000000000000389a                __vector_16
                0x000000000000389a                __vector_18
                0x000000000000389a                __vector_20
                0x000000000000389e                . = ALIGN (0x2)
 *(.text.*)
 .text.timerInit
                0x000000000000389e       0x2e ./timerInterrupt/timerInterrupt.o
                0x000000000000389e                timerInit
 .text.__vector_11
                0x00000000000038cc       0x60 ./timerInterrupt/timerInterrupt.o
                0x00000000000038cc                __vector_11
 .text.initScheduler
                0x000000000000392c       0x28 ./timerInterrupt/timerInterrupt.o
                0x000000000000392c                initScheduler
 .text.addTask  0x0000000000003954       0x3a ./timerInterrupt/timerInterrupt.o
                0x0000000000003954                addTask
 .text.dispatchTasks
                0x000000000000398e       0x58 ./timerInterrupt/timerInterrupt.o
                0x000000000000398e                dispatchTasks
 .text.i2c_start
                0x00000000000039e6       0x46 ./i2c/i2c.o
                0x00000000000039e6                i2c_start
 .text.i2c_write
                0x0000000000003a2c       0x22 ./i2c/i2c.o
                0x0000000000003a2c                i2c_write
 .text.i2c_read_ack
                0x0000000000003a4e       0x14 ./i2c/i2c.o
                0x0000000000003a4e                i2c_read_ack
 .text.i2c_read_nack
                0x0000000000003a62       0x14 ./i2c/i2c.o
                0x0000000000003a62                i2c_read_nack
 .text.i2c_writeReg
                0x0000000000003a76       0x68 ./i2c/i2c.o
                0x0000000000003a76                i2c_writeReg
 .text.i2c_readReg
                0x0000000000003ade       0x86 ./i2c/i2c.o
                0x0000000000003ade                i2c_readReg
 .text.LoadCALvars
                0x0000000000003b64       0x10 ./eeprom_calib/eeprom_calib.o
                0x0000000000003b64                LoadCALvars
 .text._draw    0x0000000000003b74      0x136 ./ds1307/ds1307.o
 .text.Read_RTC
                0x0000000000003caa       0x1a ./ds1307/ds1307.o
                0x0000000000003caa                Read_RTC
 .text.bcd2dec  0x0000000000003cc4       0x12 ./ds1307/ds1307.o
                0x0000000000003cc4                bcd2dec
 .text.GetHH    0x0000000000003cd6       0x18 ./ds1307/ds1307.o
                0x0000000000003cd6                GetHH
 .text.GetMM    0x0000000000003cee       0x10 ./ds1307/ds1307.o
                0x0000000000003cee                GetMM
 .text.GetDD    0x0000000000003cfe        0xe ./ds1307/ds1307.o
                0x0000000000003cfe                GetDD
 .text.GetDoW   0x0000000000003d0c        0xe ./ds1307/ds1307.o
                0x0000000000003d0c                GetDoW
 .text.GetMonth
                0x0000000000003d1a        0xe ./ds1307/ds1307.o
                0x0000000000003d1a                GetMonth
 .text.GetYY    0x0000000000003d28        0xe ./ds1307/ds1307.o
                0x0000000000003d28                GetYY
 .text.dec2bcd  0x0000000000003d36       0x12 ./ds1307/ds1307.o
                0x0000000000003d36                dec2bcd
 .text.setTimeLoop
                0x0000000000003d48      0x428 ./ds1307/ds1307.o
                0x0000000000003d48                setTimeLoop
 .text.Ctrl_Subsystem_step
                0x0000000000004170      0x1ac ./ctrlSystem/Ctrl_Subsystem.o
                0x0000000000004170                Ctrl_Subsystem_step
 .text.initTempSens
                0x000000000000431c        0xa ./adt7301/temperatureSens.o
                0x000000000000431c                initTempSens
 .text.actualTemperature
                0x0000000000004326       0x80 ./adt7301/temperatureSens.o
                0x0000000000004326                actualTemperature
 .text.spi_init
                0x00000000000043a6       0x1a ./SPI/spi.o
                0x00000000000043a6                spi_init
 .text.spi_transfer_sync
                0x00000000000043c0       0x22 ./SPI/spi.o
                0x00000000000043c0                spi_transfer_sync
 .text.initRtrEncoder
                0x00000000000043e2       0x1a ./RotaryEncoderButton/RtrEncdBtn.o
                0x00000000000043e2                initRtrEncoder
 .text.__vector_1
                0x00000000000043fc       0x3c ./RotaryEncoderButton/RtrEncdBtn.o
                0x00000000000043fc                __vector_1
 .text.__vector_2
                0x0000000000004438       0x94 ./RotaryEncoderButton/RtrEncdBtn.o
                0x0000000000004438                __vector_2
 .text.checkStruct
                0x00000000000044cc       0xd0 ./RotaryEncoderButton/RtrEncdBtn.o
                0x00000000000044cc                checkStruct
 .text.pid_Init
                0x000000000000459c       0x5a ./PID/pid.o
                0x000000000000459c                pid_Init
 .text.pid_Controller
                0x00000000000045f6      0x15e ./PID/pid.o
                0x00000000000045f6                pid_Controller
 .text.autoProgram
                0x0000000000004754       0xa8 ./HeatingSystem/heatingSys.o
                0x0000000000004754                autoProgram
 .text.LEDfunction
                0x00000000000047fc       0x3e ./HeatingSystem/heatingSys.o
                0x00000000000047fc                LEDfunction
 .text.ButtonAction
                0x000000000000483a       0x28 ./main.o
                0x000000000000483a                ButtonAction
 .text.commandToRelay
                0x0000000000004862       0x10 ./main.o
                0x0000000000004862                commandToRelay
 .text.u8g_setup
                0x0000000000004872       0x1a ./main.o
                0x0000000000004872                u8g_setup
 .text.startup.main
                0x000000000000488c      0x18a ./main.o
                0x000000000000488c                main
 .text.draw     0x0000000000004a16      0x1de ./main.o
                0x0000000000004a16                draw
 .text.showDebugInfo
                0x0000000000004bf4       0x1a ./main.o
                0x0000000000004bf4                showDebugInfo
 .text.drawTime
                0x0000000000004c0e      0x130 ./main.o
                0x0000000000004c0e                drawTime
 .text.showTimeNow
                0x0000000000004d3e       0x1a ./main.o
                0x0000000000004d3e                showTimeNow
 .text.displayController
                0x0000000000004d58       0x2a ./main.o
                0x0000000000004d58                displayController
 .text.drawSollTemp
                0x0000000000004d82       0x64 ./main.o
                0x0000000000004d82                drawSollTemp
 .text.showSolltemp
                0x0000000000004de6       0x1a ./main.o
                0x0000000000004de6                showSolltemp
 .text.updateSollTemperature
                0x0000000000004e00       0x30 ./main.o
                0x0000000000004e00                updateSollTemperature
 .text.u8g_DrawXBMP
                0x0000000000004e30      0x110 /home/unix/Arduino/Thermostat_RottaryButton/Phaethon/atmega328_Core/u8glib/Debug/libu8glib.a(u8g_bitmap.o)
                0x0000000000004e30                u8g_DrawXBMP
 .text.u8g_draw_circle_section
                0x0000000000004f40       0xb2 /home/unix/Arduino/Thermostat_RottaryButton/Phaethon/atmega328_Core/u8glib/Debug/libu8glib.a(u8g_circle.o)
 .text.u8g_draw_circle
                0x0000000000004ff2       0x80 /home/unix/Arduino/Thermostat_RottaryButton/Phaethon/atmega328_Core/u8glib/Debug/libu8glib.a(u8g_circle.o)
                0x0000000000004ff2                u8g_draw_circle
 .text.u8g_DrawCircle
                0x0000000000005072       0x4e /home/unix/Arduino/Thermostat_RottaryButton/Phaethon/atmega328_Core/u8glib/Debug/libu8glib.a(u8g_circle.o)
                0x0000000000005072                u8g_DrawCircle
 .text.u8g_IsBBXIntersection
                0x00000000000050c0       0x44 /home/unix/Arduino/Thermostat_RottaryButton/Phaethon/atmega328_Core/u8glib/Debug/libu8glib.a(u8g_clip.o)
                0x00000000000050c0                u8g_IsBBXIntersection
 .text.u8g_dev_ssd1306_128x64_fn
                0x0000000000005104       0xd6 /home/unix/Arduino/Thermostat_RottaryButton/Phaethon/atmega328_Core/u8glib/Debug/libu8glib.a(u8g_dev_ssd1306_128x64.o)
                0x0000000000005104                u8g_dev_ssd1306_128x64_fn
 .text.u8g_font_get_word
                0x00000000000051da       0x18 /home/unix/Arduino/Thermostat_RottaryButton/Phaethon/atmega328_Core/u8glib/Debug/libu8glib.a(u8g_font.o)
 .text.u8g_font_GetFormat
                0x00000000000051f2        0x6 /home/unix/Arduino/Thermostat_RottaryButton/Phaethon/atmega328_Core/u8glib/Debug/libu8glib.a(u8g_font.o)
 .text.u8g_font_GetFontGlyphStructureSize
                0x00000000000051f8       0x14 /home/unix/Arduino/Thermostat_RottaryButton/Phaethon/atmega328_Core/u8glib/Debug/libu8glib.a(u8g_font.o)
 .text.u8g_font_calc_vref_font
                0x000000000000520c        0x4 /home/unix/Arduino/Thermostat_RottaryButton/Phaethon/atmega328_Core/u8glib/Debug/libu8glib.a(u8g_font.o)
                0x000000000000520c                u8g_font_calc_vref_font
 .text.u8g_font_GetEncoding65Pos
                0x0000000000005210        0x6 /home/unix/Arduino/Thermostat_RottaryButton/Phaethon/atmega328_Core/u8glib/Debug/libu8glib.a(u8g_font.o)
                0x0000000000005210                u8g_font_GetEncoding65Pos
 .text.u8g_font_GetEncoding97Pos
                0x0000000000005216        0x6 /home/unix/Arduino/Thermostat_RottaryButton/Phaethon/atmega328_Core/u8glib/Debug/libu8glib.a(u8g_font.o)
                0x0000000000005216                u8g_font_GetEncoding97Pos
 .text.u8g_font_GetFontStartEncoding
                0x000000000000521c        0x8 /home/unix/Arduino/Thermostat_RottaryButton/Phaethon/atmega328_Core/u8glib/Debug/libu8glib.a(u8g_font.o)
                0x000000000000521c                u8g_font_GetFontStartEncoding
 .text.u8g_font_GetFontEndEncoding
                0x0000000000005224        0x8 /home/unix/Arduino/Thermostat_RottaryButton/Phaethon/atmega328_Core/u8glib/Debug/libu8glib.a(u8g_font.o)
                0x0000000000005224                u8g_font_GetFontEndEncoding
 .text.u8g_GetGlyph
                0x000000000000522c      0x14a /home/unix/Arduino/Thermostat_RottaryButton/Phaethon/atmega328_Core/u8glib/Debug/libu8glib.a(u8g_font.o)
                0x000000000000522c                u8g_GetGlyph
 .text.u8g_draw_glyph
                0x0000000000005376       0xd8 /home/unix/Arduino/Thermostat_RottaryButton/Phaethon/atmega328_Core/u8glib/Debug/libu8glib.a(u8g_font.o)
                0x0000000000005376                u8g_draw_glyph
 .text.u8g_DrawStr
                0x000000000000544e       0x6e /home/unix/Arduino/Thermostat_RottaryButton/Phaethon/atmega328_Core/u8glib/Debug/libu8glib.a(u8g_font.o)
                0x000000000000544e                u8g_DrawStr
 .text.u8g_UpdateRefHeight
                0x00000000000054bc       0x90 /home/unix/Arduino/Thermostat_RottaryButton/Phaethon/atmega328_Core/u8glib/Debug/libu8glib.a(u8g_font.o)
                0x00000000000054bc                u8g_UpdateRefHeight
 .text.u8g_SetFontPosBaseline
                0x000000000000554c        0xc /home/unix/Arduino/Thermostat_RottaryButton/Phaethon/atmega328_Core/u8glib/Debug/libu8glib.a(u8g_font.o)
                0x000000000000554c                u8g_SetFontPosBaseline
 .text.u8g_SetFont
                0x0000000000005558       0x28 /home/unix/Arduino/Thermostat_RottaryButton/Phaethon/atmega328_Core/u8glib/Debug/libu8glib.a(u8g_font.o)
                0x0000000000005558                u8g_SetFont
 .text.u8g_init_data
                0x0000000000005580       0x5a /home/unix/Arduino/Thermostat_RottaryButton/Phaethon/atmega328_Core/u8glib/Debug/libu8glib.a(u8g_ll_api.o)
 .text.u8g_call_dev_fn
                0x00000000000055da        0x8 /home/unix/Arduino/Thermostat_RottaryButton/Phaethon/atmega328_Core/u8glib/Debug/libu8glib.a(u8g_ll_api.o)
                0x00000000000055da                u8g_call_dev_fn
 .text.u8g_InitLL
                0x00000000000055e2       0x64 /home/unix/Arduino/Thermostat_RottaryButton/Phaethon/atmega328_Core/u8glib/Debug/libu8glib.a(u8g_ll_api.o)
                0x00000000000055e2                u8g_InitLL
 .text.u8g_FirstPageLL
                0x0000000000005646       0x4a /home/unix/Arduino/Thermostat_RottaryButton/Phaethon/atmega328_Core/u8glib/Debug/libu8glib.a(u8g_ll_api.o)
                0x0000000000005646                u8g_FirstPageLL
 .text.u8g_NextPageLL
                0x0000000000005690       0x58 /home/unix/Arduino/Thermostat_RottaryButton/Phaethon/atmega328_Core/u8glib/Debug/libu8glib.a(u8g_ll_api.o)
                0x0000000000005690                u8g_NextPageLL
 .text.u8g_DrawPixelLL
                0x00000000000056e8       0x12 /home/unix/Arduino/Thermostat_RottaryButton/Phaethon/atmega328_Core/u8glib/Debug/libu8glib.a(u8g_ll_api.o)
                0x00000000000056e8                u8g_DrawPixelLL
 .text.u8g_GetWidthLL
                0x00000000000056fa       0x20 /home/unix/Arduino/Thermostat_RottaryButton/Phaethon/atmega328_Core/u8glib/Debug/libu8glib.a(u8g_ll_api.o)
                0x00000000000056fa                u8g_GetWidthLL
 .text.u8g_GetHeightLL
                0x000000000000571a       0x20 /home/unix/Arduino/Thermostat_RottaryButton/Phaethon/atmega328_Core/u8glib/Debug/libu8glib.a(u8g_ll_api.o)
                0x000000000000571a                u8g_GetHeightLL
 .text.u8g_GetModeLL
                0x000000000000573a        0xa /home/unix/Arduino/Thermostat_RottaryButton/Phaethon/atmega328_Core/u8glib/Debug/libu8glib.a(u8g_ll_api.o)
                0x000000000000573a                u8g_GetModeLL
 .text.u8g_UpdateDimension
                0x0000000000005744       0x3e /home/unix/Arduino/Thermostat_RottaryButton/Phaethon/atmega328_Core/u8glib/Debug/libu8glib.a(u8g_ll_api.o)
                0x0000000000005744                u8g_UpdateDimension
 .text.u8g_Begin
                0x0000000000005782       0x24 /home/unix/Arduino/Thermostat_RottaryButton/Phaethon/atmega328_Core/u8glib/Debug/libu8glib.a(u8g_ll_api.o)
                0x0000000000005782                u8g_Begin
 .text.u8g_InitI2C
                0x00000000000057a6       0x3a /home/unix/Arduino/Thermostat_RottaryButton/Phaethon/atmega328_Core/u8glib/Debug/libu8glib.a(u8g_ll_api.o)
                0x00000000000057a6                u8g_InitI2C
 .text.u8g_FirstPage
                0x00000000000057e0        0xa /home/unix/Arduino/Thermostat_RottaryButton/Phaethon/atmega328_Core/u8glib/Debug/libu8glib.a(u8g_ll_api.o)
                0x00000000000057e0                u8g_FirstPage
 .text.u8g_NextPage
                0x00000000000057ea       0x1e /home/unix/Arduino/Thermostat_RottaryButton/Phaethon/atmega328_Core/u8glib/Debug/libu8glib.a(u8g_ll_api.o)
                0x00000000000057ea                u8g_NextPage
 .text.u8g_DrawPixel
                0x0000000000005808       0x10 /home/unix/Arduino/Thermostat_RottaryButton/Phaethon/atmega328_Core/u8glib/Debug/libu8glib.a(u8g_ll_api.o)
                0x0000000000005808                u8g_DrawPixel
 .text.u8g_Draw8Pixel
                0x0000000000005818       0x22 /home/unix/Arduino/Thermostat_RottaryButton/Phaethon/atmega328_Core/u8glib/Debug/libu8glib.a(u8g_ll_api.o)
                0x0000000000005818                u8g_Draw8Pixel
 .text.u8g_pb_Clear
                0x000000000000583a       0x20 /home/unix/Arduino/Thermostat_RottaryButton/Phaethon/atmega328_Core/u8glib/Debug/libu8glib.a(u8g_pb.o)
                0x000000000000583a                u8g_pb_Clear
 .text.u8g_pb_IsYIntersection
                0x000000000000585a       0x2a /home/unix/Arduino/Thermostat_RottaryButton/Phaethon/atmega328_Core/u8glib/Debug/libu8glib.a(u8g_pb.o)
                0x000000000000585a                u8g_pb_IsYIntersection
 .text.u8g_pb_GetPageBox
                0x0000000000005884       0x20 /home/unix/Arduino/Thermostat_RottaryButton/Phaethon/atmega328_Core/u8glib/Debug/libu8glib.a(u8g_pb.o)
                0x0000000000005884                u8g_pb_GetPageBox
 .text.u8g_pb_Is8PixelVisible
                0x00000000000058a4       0x20 /home/unix/Arduino/Thermostat_RottaryButton/Phaethon/atmega328_Core/u8glib/Debug/libu8glib.a(u8g_pb.o)
                0x00000000000058a4                u8g_pb_Is8PixelVisible
 .text.u8g_pb_WriteBuffer
                0x00000000000058c4       0x10 /home/unix/Arduino/Thermostat_RottaryButton/Phaethon/atmega328_Core/u8glib/Debug/libu8glib.a(u8g_pb.o)
                0x00000000000058c4                u8g_pb_WriteBuffer
 .text.u8g_pb8v1_set_pixel
                0x00000000000058d4       0x36 /home/unix/Arduino/Thermostat_RottaryButton/Phaethon/atmega328_Core/u8glib/Debug/libu8glib.a(u8g_pb8v1.o)
                0x00000000000058d4                u8g_pb8v1_set_pixel
 .text.u8g_pb8v1_SetPixel
                0x000000000000590a       0x2c /home/unix/Arduino/Thermostat_RottaryButton/Phaethon/atmega328_Core/u8glib/Debug/libu8glib.a(u8g_pb8v1.o)
                0x000000000000590a                u8g_pb8v1_SetPixel
 .text.u8g_pb8v1_Set8PixelOpt2
                0x0000000000005936       0x7e /home/unix/Arduino/Thermostat_RottaryButton/Phaethon/atmega328_Core/u8glib/Debug/libu8glib.a(u8g_pb8v1.o)
                0x0000000000005936                u8g_pb8v1_Set8PixelOpt2
 .text.u8g_dev_pb8v1_base_fn
                0x00000000000059b4       0x92 /home/unix/Arduino/Thermostat_RottaryButton/Phaethon/atmega328_Core/u8glib/Debug/libu8glib.a(u8g_pb8v1.o)
                0x00000000000059b4                u8g_dev_pb8v1_base_fn
 .text.u8g_state_dummy_cb
                0x0000000000005a46        0x2 /home/unix/Arduino/Thermostat_RottaryButton/Phaethon/atmega328_Core/u8glib/Debug/libu8glib.a(u8g_state.o)
                0x0000000000005a46                u8g_state_dummy_cb
 .text.u8g_InitCom
                0x0000000000005a48       0x12 /home/unix/Arduino/Thermostat_RottaryButton/Phaethon/atmega328_Core/u8glib/Debug/libu8glib.a(u8g_com_api.o)
                0x0000000000005a48                u8g_InitCom
 .text.u8g_SetChipSelect
                0x0000000000005a5a       0x12 /home/unix/Arduino/Thermostat_RottaryButton/Phaethon/atmega328_Core/u8glib/Debug/libu8glib.a(u8g_com_api.o)
                0x0000000000005a5a                u8g_SetChipSelect
 .text.u8g_SetResetLow
                0x0000000000005a6c       0x14 /home/unix/Arduino/Thermostat_RottaryButton/Phaethon/atmega328_Core/u8glib/Debug/libu8glib.a(u8g_com_api.o)
                0x0000000000005a6c                u8g_SetResetLow
 .text.u8g_SetResetHigh
                0x0000000000005a80       0x14 /home/unix/Arduino/Thermostat_RottaryButton/Phaethon/atmega328_Core/u8glib/Debug/libu8glib.a(u8g_com_api.o)
                0x0000000000005a80                u8g_SetResetHigh
 .text.u8g_SetAddress
                0x0000000000005a94       0x12 /home/unix/Arduino/Thermostat_RottaryButton/Phaethon/atmega328_Core/u8glib/Debug/libu8glib.a(u8g_com_api.o)
                0x0000000000005a94                u8g_SetAddress
 .text.u8g_WriteByte
                0x0000000000005aa6       0x12 /home/unix/Arduino/Thermostat_RottaryButton/Phaethon/atmega328_Core/u8glib/Debug/libu8glib.a(u8g_com_api.o)
                0x0000000000005aa6                u8g_WriteByte
 .text.u8g_WriteSequence
                0x0000000000005ab8        0xe /home/unix/Arduino/Thermostat_RottaryButton/Phaethon/atmega328_Core/u8glib/Debug/libu8glib.a(u8g_com_api.o)
                0x0000000000005ab8                u8g_WriteSequence
 .text.u8g_WriteEscSeqP
                0x0000000000005ac6       0xcc /home/unix/Arduino/Thermostat_RottaryButton/Phaethon/atmega328_Core/u8glib/Debug/libu8glib.a(u8g_com_api.o)
                0x0000000000005ac6                u8g_WriteEscSeqP
 .text.u8g_com_arduino_ssd_start_sequence
                0x0000000000005b92       0x38 /home/unix/Arduino/Thermostat_RottaryButton/Phaethon/atmega328_Core/u8glib/Debug/libu8glib.a(u8g_com_arduino_ssd_i2c.o)
                0x0000000000005b92                u8g_com_arduino_ssd_start_sequence
 .text.u8g_com_arduino_ssd_i2c_fn
                0x0000000000005bca       0xae /home/unix/Arduino/Thermostat_RottaryButton/Phaethon/atmega328_Core/u8glib/Debug/libu8glib.a(u8g_com_arduino_ssd_i2c.o)
                0x0000000000005bca                u8g_com_arduino_ssd_i2c_fn
 .text.u8g_i2c_set_error
                0x0000000000005c78       0x12 /home/unix/Arduino/Thermostat_RottaryButton/Phaethon/atmega328_Core/u8glib/Debug/libu8glib.a(u8g_com_i2c.o)
 .text.u8g_i2c_clear_error
                0x0000000000005c8a        0xa /home/unix/Arduino/Thermostat_RottaryButton/Phaethon/atmega328_Core/u8glib/Debug/libu8glib.a(u8g_com_i2c.o)
                0x0000000000005c8a                u8g_i2c_clear_error
 .text.u8g_i2c_init
                0x0000000000005c94       0x1a /home/unix/Arduino/Thermostat_RottaryButton/Phaethon/atmega328_Core/u8glib/Debug/libu8glib.a(u8g_com_i2c.o)
                0x0000000000005c94                u8g_i2c_init
 .text.u8g_i2c_wait
                0x0000000000005cae       0x4a /home/unix/Arduino/Thermostat_RottaryButton/Phaethon/atmega328_Core/u8glib/Debug/libu8glib.a(u8g_com_i2c.o)
                0x0000000000005cae                u8g_i2c_wait
 .text.u8g_i2c_start
                0x0000000000005cf8       0x62 /home/unix/Arduino/Thermostat_RottaryButton/Phaethon/atmega328_Core/u8glib/Debug/libu8glib.a(u8g_com_i2c.o)
                0x0000000000005cf8                u8g_i2c_start
 .text.u8g_i2c_send_byte
                0x0000000000005d5a       0x38 /home/unix/Arduino/Thermostat_RottaryButton/Phaethon/atmega328_Core/u8glib/Debug/libu8glib.a(u8g_com_i2c.o)
                0x0000000000005d5a                u8g_i2c_send_byte
 .text.u8g_i2c_stop
                0x0000000000005d92        0xe /home/unix/Arduino/Thermostat_RottaryButton/Phaethon/atmega328_Core/u8glib/Debug/libu8glib.a(u8g_com_i2c.o)
                0x0000000000005d92                u8g_i2c_stop
 .text.u8g_Delay
                0x0000000000005da0       0x14 /home/unix/Arduino/Thermostat_RottaryButton/Phaethon/atmega328_Core/u8glib/Debug/libu8glib.a(u8g_delay.o)
                0x0000000000005da0                u8g_Delay
 .text.u8g_page_First
                0x0000000000005db4        0xe /home/unix/Arduino/Thermostat_RottaryButton/Phaethon/atmega328_Core/u8glib/Debug/libu8glib.a(u8g_page.o)
                0x0000000000005db4                u8g_page_First
 .text.u8g_page_Next
                0x0000000000005dc2       0x2c /home/unix/Arduino/Thermostat_RottaryButton/Phaethon/atmega328_Core/u8glib/Debug/libu8glib.a(u8g_page.o)
                0x0000000000005dc2                u8g_page_Next
 .text.libgcc.mul
                0x0000000000005dee       0x10 /usr/lib/gcc/avr/4.8.2/avr5/libgcc.a(_mulshisi3.o)
                0x0000000000005dee                __mulshisi3
                0x0000000000005df4                __mulohisi3
 .text.libgcc.div
                0x0000000000005dfe       0x18 /usr/lib/gcc/avr/4.8.2/avr5/libgcc.a(_udivmodqi4.o)
                0x0000000000005dfe                __udivmodqi4
 .text.libgcc.div
                0x0000000000005e16       0x28 /usr/lib/gcc/avr/4.8.2/avr5/libgcc.a(_divmodhi4.o)
                0x0000000000005e16                __divmodhi4
                0x0000000000005e16                _div
 .text.libgcc.div
                0x0000000000005e3e       0x2e /usr/lib/gcc/avr/4.8.2/avr5/libgcc.a(_divmodsi4.o)
                0x0000000000005e3e                __divmodsi4
 .text.libgcc.div
                0x0000000000005e6c       0x10 /usr/lib/gcc/avr/4.8.2/avr5/libgcc.a(_negsi2.o)
                0x0000000000005e6c                __negsi2
 .text.libgcc.mul
                0x0000000000005e7c       0x16 /usr/lib/gcc/avr/4.8.2/avr5/libgcc.a(_muluhisi3.o)
                0x0000000000005e7c                __muluhisi3
 .text.libgcc.div
                0x0000000000005e92       0x28 /usr/lib/gcc/avr/4.8.2/avr5/libgcc.a(_udivmodhi4.o)
                0x0000000000005e92                __udivmodhi4
 .text.libgcc.div
                0x0000000000005eba       0x44 /usr/lib/gcc/avr/4.8.2/avr5/libgcc.a(_udivmodsi4.o)
                0x0000000000005eba                __udivmodsi4
 .text.libgcc.mul
                0x0000000000005efe       0x1e /usr/lib/gcc/avr/4.8.2/avr5/libgcc.a(_umulhisi3.o)
                0x0000000000005efe                __umulhisi3
 .text.avr-libc.fplib
                0x0000000000005f1c        0xa /usr/lib/gcc/avr/4.8.2/../../../../avr/lib/avr5/libm.a(fixsfsi.o)
                0x0000000000005f1c                __fixsfsi
 .text.avr-libc.fplib
                0x0000000000005f26       0x58 /usr/lib/gcc/avr/4.8.2/../../../../avr/lib/avr5/libm.a(fixunssfsi.o)
                0x0000000000005f26                __fixunssfsi
 .text.avr-libc.fplib
                0x0000000000005f7e       0x7a /usr/lib/gcc/avr/4.8.2/../../../../avr/lib/avr5/libm.a(floatsisf.o)
                0x0000000000005f7e                __floatunsisf
                0x0000000000005f82                __floatsisf
 .text.avr-libc.fplib
                0x0000000000005ff8       0x44 /usr/lib/gcc/avr/4.8.2/../../../../avr/lib/avr5/libm.a(fp_split3.o)
                0x0000000000005ff8                __fp_split3
                0x0000000000006008                __fp_splitA
 .text.avr-libc.fplib
                0x000000000000603c        0xe /usr/lib/gcc/avr/4.8.2/../../../../avr/lib/avr5/libm.a(fp_zero.o)
                0x000000000000603c                __fp_zero
                0x000000000000603e                __fp_szero
 .text.avr-libc.fplib
                0x000000000000604a        0x4 /usr/lib/gcc/avr/4.8.2/../../../../avr/lib/avr5/libm.a(mulsf3.o)
                0x000000000000604a                __mulsf3
 .text.avr-libc.fplib
                0x000000000000604e       0xc2 /usr/lib/gcc/avr/4.8.2/../../../../avr/lib/avr5/libm.a(mulsf3x.o)
                0x0000000000006062                __mulsf3x
                0x0000000000006066                __mulsf3_pse
 .text.avr-libc.fplib
                0x0000000000006110       0x40 /usr/lib/gcc/avr/4.8.2/../../../../avr/lib/avr5/libm.a(round.o)
                0x0000000000006110                round
 .text.avr-libc.fplib
                0x0000000000006150        0xc /usr/lib/gcc/avr/4.8.2/../../../../avr/lib/avr5/libm.a(fp_inf.o)
                0x0000000000006150                __fp_inf
 .text.avr-libc.fplib
                0x000000000000615c       0x36 /usr/lib/gcc/avr/4.8.2/../../../../avr/lib/avr5/libm.a(fp_mintl.o)
                0x000000000000615c                __fp_mintl
 .text.avr-libc.fplib
                0x0000000000006192       0x1c /usr/lib/gcc/avr/4.8.2/../../../../avr/lib/avr5/libm.a(fp_mpack.o)
                0x0000000000006192                __fp_mpack
                0x0000000000006196                __fp_mpack_finite
 .text.avr-libc.fplib
                0x00000000000061ae        0x6 /usr/lib/gcc/avr/4.8.2/../../../../avr/lib/avr5/libm.a(fp_nan.o)
                0x00000000000061ae                __fp_nan
 .text.avr-libc.fplib
                0x00000000000061b4        0xe /usr/lib/gcc/avr/4.8.2/../../../../avr/lib/avr5/libm.a(fp_pscA.o)
                0x00000000000061b4                __fp_pscA
 .text.avr-libc.fplib
                0x00000000000061c2        0xe /usr/lib/gcc/avr/4.8.2/../../../../avr/lib/avr5/libm.a(fp_pscB.o)
                0x00000000000061c2                __fp_pscB
 .text.avr-libc.fplib
                0x00000000000061d0       0x22 /usr/lib/gcc/avr/4.8.2/../../../../avr/lib/avr5/libm.a(fp_round.o)
                0x00000000000061d0                __fp_round
 .text.avr-libc
                0x00000000000061f2       0x44 /usr/lib/gcc/avr/4.8.2/../../../../avr/lib/avr5/libc.a(sprintf.o)
                0x00000000000061f2                sprintf
 .text.avr-libc
                0x0000000000006236       0x44 /usr/lib/gcc/avr/4.8.2/../../../../avr/lib/avr5/libc.a(sprintf_p.o)
                0x0000000000006236                sprintf_P
 .text.avr-libc
                0x000000000000627a      0x3a4 /usr/lib/gcc/avr/4.8.2/../../../../avr/lib/avr5/libc.a(vfprintf_std.o)
                0x000000000000627a                vfprintf
 .text.avr-libc
                0x000000000000661e       0x20 /usr/lib/gcc/avr/4.8.2/../../../../avr/lib/avr5/libc.a(eerd_block_atmega328.o)
                0x000000000000661e                __eerd_block_m328
                0x0000000000006622                __eerd_blraw_m328
 .text.avr-libc
                0x000000000000663e       0x16 /usr/lib/gcc/avr/4.8.2/../../../../avr/lib/avr5/libc.a(strnlen_P.o)
                0x000000000000663e                strnlen_P
 .text.avr-libc
                0x0000000000006654       0x16 /usr/lib/gcc/avr/4.8.2/../../../../avr/lib/avr5/libc.a(strnlen.o)
                0x0000000000006654                strnlen
 .text.avr-libc
                0x000000000000666a       0x64 /usr/lib/gcc/avr/4.8.2/../../../../avr/lib/avr5/libc.a(fputc.o)
                0x000000000000666a                fputc
 .text.avr-libc
                0x00000000000066ce       0xbc /usr/lib/gcc/avr/4.8.2/../../../../avr/lib/avr5/libc.a(ultoa_invert.o)
                0x00000000000066ce                __ultoa_invert
 .text.libgcc.prologue
                0x000000000000678a       0x38 /usr/lib/gcc/avr/4.8.2/avr5/libgcc.a(_prologue.o)
                0x000000000000678a                __prologue_saves__
 .text.libgcc.prologue
                0x00000000000067c2       0x36 /usr/lib/gcc/avr/4.8.2/avr5/libgcc.a(_epilogue.o)
                0x00000000000067c2                __epilogue_restores__
                0x00000000000067f8                . = ALIGN (0x2)
 *(.fini9)
 .fini9         0x00000000000067f8        0x0 /usr/lib/gcc/avr/4.8.2/avr5/libgcc.a(_exit.o)
                0x00000000000067f8                exit
                0x00000000000067f8                _exit
 *(.fini9)
 *(.fini8)
 *(.fini8)
 *(.fini7)
 *(.fini7)
 *(.fini6)
 *(.fini6)
 *(.fini5)
 *(.fini5)
 *(.fini4)
 *(.fini4)
 *(.fini3)
 *(.fini3)
 *(.fini2)
 *(.fini2)
 *(.fini1)
 *(.fini1)
 *(.fini0)
 .fini0         0x00000000000067f8        0x4 /usr/lib/gcc/avr/4.8.2/avr5/libgcc.a(_exit.o)
 *(.fini0)
                0x00000000000067fc                _etext = .

.data           0x0000000000800100       0xf0 load address 0x00000000000067fc
                0x0000000000800100                PROVIDE (__data_start, .)
 *(.data)
 .data          0x0000000000800100        0x0 /usr/lib/gcc/avr/4.8.2/../../../../avr/lib/avr5/crtm328.o
 .data          0x0000000000800100        0x0 ./timerInterrupt/timerInterrupt.o
 .data          0x0000000000800100        0x0 ./i2c/i2c.o
 .data          0x0000000000800100        0x0 ./eeprom_calib/eeprom_calib.o
 .data          0x0000000000800100        0x0 ./ds1307/ds1307.o
 .data          0x0000000000800100        0x0 ./ctrlSystem/Ctrl_Subsystem.o
 .data          0x0000000000800100        0x0 ./adt7301/temperatureSens.o
 .data          0x0000000000800100        0x0 ./SPI/spi.o
 .data          0x0000000000800100        0x0 ./RotaryEncoderButton/RtrEncdBtn.o
 .data          0x0000000000800100        0x0 ./PID/pid.o
 .data          0x0000000000800100        0x0 ./OLED_graphics/OLED_graphics.o
 .data          0x0000000000800100        0x0 ./HeatingSystem/heatingSys.o
 .data          0x0000000000800100        0x0 ./main.o
 .data          0x0000000000800100        0x0 /home/unix/Arduino/Thermostat_RottaryButton/Phaethon/atmega328_Core/u8glib/Debug/libu8glib.a(u8g_bitmap.o)
 .data          0x0000000000800100        0x0 /home/unix/Arduino/Thermostat_RottaryButton/Phaethon/atmega328_Core/u8glib/Debug/libu8glib.a(u8g_circle.o)
 .data          0x0000000000800100        0x0 /home/unix/Arduino/Thermostat_RottaryButton/Phaethon/atmega328_Core/u8glib/Debug/libu8glib.a(u8g_clip.o)
 .data          0x0000000000800100        0x0 /home/unix/Arduino/Thermostat_RottaryButton/Phaethon/atmega328_Core/u8glib/Debug/libu8glib.a(u8g_dev_ssd1306_128x64.o)
 .data          0x0000000000800100        0x0 /home/unix/Arduino/Thermostat_RottaryButton/Phaethon/atmega328_Core/u8glib/Debug/libu8glib.a(u8g_font.o)
 .data          0x0000000000800100        0x0 /home/unix/Arduino/Thermostat_RottaryButton/Phaethon/atmega328_Core/u8glib/Debug/libu8glib.a(u8g_font_data.o)
 .data          0x0000000000800100        0x0 /home/unix/Arduino/Thermostat_RottaryButton/Phaethon/atmega328_Core/u8glib/Debug/libu8glib.a(u8g_ll_api.o)
 .data          0x0000000000800100        0x0 /home/unix/Arduino/Thermostat_RottaryButton/Phaethon/atmega328_Core/u8glib/Debug/libu8glib.a(u8g_pb.o)
 .data          0x0000000000800100        0x0 /home/unix/Arduino/Thermostat_RottaryButton/Phaethon/atmega328_Core/u8glib/Debug/libu8glib.a(u8g_pb16v1.o)
 .data          0x0000000000800100        0x0 /home/unix/Arduino/Thermostat_RottaryButton/Phaethon/atmega328_Core/u8glib/Debug/libu8glib.a(u8g_pb8v1.o)
 .data          0x0000000000800100        0x0 /home/unix/Arduino/Thermostat_RottaryButton/Phaethon/atmega328_Core/u8glib/Debug/libu8glib.a(u8g_rect.o)
 .data          0x0000000000800100        0x0 /home/unix/Arduino/Thermostat_RottaryButton/Phaethon/atmega328_Core/u8glib/Debug/libu8glib.a(u8g_state.o)
 .data          0x0000000000800100        0x0 /home/unix/Arduino/Thermostat_RottaryButton/Phaethon/atmega328_Core/u8glib/Debug/libu8glib.a(u8g_com_api.o)
 .data          0x0000000000800100        0x0 /home/unix/Arduino/Thermostat_RottaryButton/Phaethon/atmega328_Core/u8glib/Debug/libu8glib.a(u8g_com_arduino_ssd_i2c.o)
 .data          0x0000000000800100        0x0 /home/unix/Arduino/Thermostat_RottaryButton/Phaethon/atmega328_Core/u8glib/Debug/libu8glib.a(u8g_com_atmega_hw_spi.o)
 .data          0x0000000000800100        0x0 /home/unix/Arduino/Thermostat_RottaryButton/Phaethon/atmega328_Core/u8glib/Debug/libu8glib.a(u8g_com_atmega_sw_spi.o)
 .data          0x0000000000800100        0x0 /home/unix/Arduino/Thermostat_RottaryButton/Phaethon/atmega328_Core/u8glib/Debug/libu8glib.a(u8g_com_i2c.o)
 .data          0x0000000000800100        0x0 /home/unix/Arduino/Thermostat_RottaryButton/Phaethon/atmega328_Core/u8glib/Debug/libu8glib.a(u8g_com_io.o)
 .data          0x0000000000800100        0x0 /home/unix/Arduino/Thermostat_RottaryButton/Phaethon/atmega328_Core/u8glib/Debug/libu8glib.a(u8g_delay.o)
 .data          0x0000000000800100        0x0 /home/unix/Arduino/Thermostat_RottaryButton/Phaethon/atmega328_Core/u8glib/Debug/libu8glib.a(u8g_page.o)
 .data          0x0000000000800100        0x0 /usr/lib/gcc/avr/4.8.2/avr5/libgcc.a(_mulshisi3.o)
 .data          0x0000000000800100        0x0 /usr/lib/gcc/avr/4.8.2/avr5/libgcc.a(_udivmodqi4.o)
 .data          0x0000000000800100        0x0 /usr/lib/gcc/avr/4.8.2/avr5/libgcc.a(_divmodhi4.o)
 .data          0x0000000000800100        0x0 /usr/lib/gcc/avr/4.8.2/avr5/libgcc.a(_divmodsi4.o)
 .data          0x0000000000800100        0x0 /usr/lib/gcc/avr/4.8.2/avr5/libgcc.a(_negsi2.o)
 .data          0x0000000000800100        0x0 /usr/lib/gcc/avr/4.8.2/avr5/libgcc.a(_exit.o)
 .data          0x0000000000800100        0x0 /usr/lib/gcc/avr/4.8.2/avr5/libgcc.a(_tablejump.o)
 .data          0x0000000000800100        0x0 /usr/lib/gcc/avr/4.8.2/avr5/libgcc.a(_copy_data.o)
 .data          0x0000000000800100        0x0 /usr/lib/gcc/avr/4.8.2/avr5/libgcc.a(_clear_bss.o)
 .data          0x0000000000800100        0x0 /usr/lib/gcc/avr/4.8.2/avr5/libgcc.a(_muluhisi3.o)
 .data          0x0000000000800100        0x0 /usr/lib/gcc/avr/4.8.2/avr5/libgcc.a(_udivmodhi4.o)
 .data          0x0000000000800100        0x0 /usr/lib/gcc/avr/4.8.2/avr5/libgcc.a(_udivmodsi4.o)
 .data          0x0000000000800100        0x0 /usr/lib/gcc/avr/4.8.2/avr5/libgcc.a(_umulhisi3.o)
 .data          0x0000000000800100        0x0 /usr/lib/gcc/avr/4.8.2/../../../../avr/lib/avr5/libm.a(fixsfsi.o)
 .data          0x0000000000800100        0x0 /usr/lib/gcc/avr/4.8.2/../../../../avr/lib/avr5/libm.a(fixunssfsi.o)
 .data          0x0000000000800100        0x0 /usr/lib/gcc/avr/4.8.2/../../../../avr/lib/avr5/libm.a(floatsisf.o)
 .data          0x0000000000800100        0x0 /usr/lib/gcc/avr/4.8.2/../../../../avr/lib/avr5/libm.a(fp_split3.o)
 .data          0x0000000000800100        0x0 /usr/lib/gcc/avr/4.8.2/../../../../avr/lib/avr5/libm.a(fp_zero.o)
 .data          0x0000000000800100        0x0 /usr/lib/gcc/avr/4.8.2/../../../../avr/lib/avr5/libm.a(mulsf3.o)
 .data          0x0000000000800100        0x0 /usr/lib/gcc/avr/4.8.2/../../../../avr/lib/avr5/libm.a(mulsf3x.o)
 .data          0x0000000000800100        0x0 /usr/lib/gcc/avr/4.8.2/../../../../avr/lib/avr5/libm.a(round.o)
 .data          0x0000000000800100        0x0 /usr/lib/gcc/avr/4.8.2/../../../../avr/lib/avr5/libm.a(fp_inf.o)
 .data          0x0000000000800100        0x0 /usr/lib/gcc/avr/4.8.2/../../../../avr/lib/avr5/libm.a(fp_mintl.o)
 .data          0x0000000000800100        0x0 /usr/lib/gcc/avr/4.8.2/../../../../avr/lib/avr5/libm.a(fp_mpack.o)
 .data          0x0000000000800100        0x0 /usr/lib/gcc/avr/4.8.2/../../../../avr/lib/avr5/libm.a(fp_nan.o)
 .data          0x0000000000800100        0x0 /usr/lib/gcc/avr/4.8.2/../../../../avr/lib/avr5/libm.a(fp_pscA.o)
 .data          0x0000000000800100        0x0 /usr/lib/gcc/avr/4.8.2/../../../../avr/lib/avr5/libm.a(fp_pscB.o)
 .data          0x0000000000800100        0x0 /usr/lib/gcc/avr/4.8.2/../../../../avr/lib/avr5/libm.a(fp_round.o)
 .data          0x0000000000800100        0x0 /usr/lib/gcc/avr/4.8.2/../../../../avr/lib/avr5/libc.a(memcpy_P.o)
 .data          0x0000000000800100        0x0 /usr/lib/gcc/avr/4.8.2/../../../../avr/lib/avr5/libc.a(sprintf.o)
 .data          0x0000000000800100        0x0 /usr/lib/gcc/avr/4.8.2/../../../../avr/lib/avr5/libc.a(sprintf_p.o)
 .data          0x0000000000800100        0x0 /usr/lib/gcc/avr/4.8.2/../../../../avr/lib/avr5/libc.a(vfprintf_std.o)
 .data          0x0000000000800100        0x0 /usr/lib/gcc/avr/4.8.2/../../../../avr/lib/avr5/libc.a(eerd_block_atmega328.o)
 .data          0x0000000000800100        0x0 /usr/lib/gcc/avr/4.8.2/../../../../avr/lib/avr5/libc.a(eewr_block_atmega328.o)
 .data          0x0000000000800100        0x0 /usr/lib/gcc/avr/4.8.2/../../../../avr/lib/avr5/libc.a(eewr_byte_atmega328.o)
 .data          0x0000000000800100        0x0 /usr/lib/gcc/avr/4.8.2/../../../../avr/lib/avr5/libc.a(strnlen_P.o)
 .data          0x0000000000800100        0x0 /usr/lib/gcc/avr/4.8.2/../../../../avr/lib/avr5/libc.a(strnlen.o)
 .data          0x0000000000800100        0x0 /usr/lib/gcc/avr/4.8.2/../../../../avr/lib/avr5/libc.a(fputc.o)
 .data          0x0000000000800100        0x0 /usr/lib/gcc/avr/4.8.2/../../../../avr/lib/avr5/libc.a(ultoa_invert.o)
 .data          0x0000000000800100        0x0 /usr/lib/gcc/avr/4.8.2/avr5/libgcc.a(_prologue.o)
 .data          0x0000000000800100        0x0 /usr/lib/gcc/avr/4.8.2/avr5/libgcc.a(_epilogue.o)
 *(.data*)
 .data.year     0x0000000000800100        0x2 ./ds1307/ds1307.o
 .data.SOLLtemperature
                0x0000000000800102        0x1 ./ctrlSystem/Ctrl_Subsystem.o
                0x0000000000800102                SOLLtemperature
 .data.u8g_dev_ssd1306_128x64_i2c
                0x0000000000800103        0x6 /home/unix/Arduino/Thermostat_RottaryButton/Phaethon/atmega328_Core/u8glib/Debug/libu8glib.a(u8g_dev_ssd1306_128x64.o)
                0x0000000000800103                u8g_dev_ssd1306_128x64_i2c
 .data.u8g_dev_ssd1306_128x64_i2c_pb
                0x0000000000800109        0x8 /home/unix/Arduino/Thermostat_RottaryButton/Phaethon/atmega328_Core/u8glib/Debug/libu8glib.a(u8g_dev_ssd1306_128x64.o)
                0x0000000000800109                u8g_dev_ssd1306_128x64_i2c_pb
 *(.rodata)
 *(.rodata*)
 .rodata.str1.1
                0x0000000000800111       0xb6 ./ds1307/ds1307.o
 .rodata.monthsInWords
                0x00000000008001c7       0x18 ./ds1307/ds1307.o
 .rodata.daysInWords
                0x00000000008001df        0xe ./ds1307/ds1307.o
 .rodata.str1.1
                0x00000000008001ed        0x3 ./main.o
 *(.gnu.linkonce.d*)
                0x00000000008001f0                . = ALIGN (0x2)
                0x00000000008001f0                _edata = .
                0x00000000008001f0                PROVIDE (__data_end, .)

.bss            0x00000000008001f0      0x1e0
                0x00000000008001f0                PROVIDE (__bss_start, .)
 *(.bss)
 *(.bss*)
 .bss.calendarDay
                0x00000000008001f0        0x1 ./ds1307/ds1307.o
 .bss.month     0x00000000008001f1        0x1 ./ds1307/ds1307.o
 .bss.day       0x00000000008001f2        0x1 ./ds1307/ds1307.o
 .bss.minute    0x00000000008001f3        0x1 ./ds1307/ds1307.o
 .bss.hour      0x00000000008001f4        0x1 ./ds1307/ds1307.o
 .bss.Temperature
                0x00000000008001f5        0x1 ./adt7301/temperatureSens.o
                0x00000000008001f5                Temperature
 .bss.TurnDetected
                0x00000000008001f6        0x1 ./RotaryEncoderButton/RtrEncdBtn.o
                0x00000000008001f6                TurnDetected
 .bss.up        0x00000000008001f7        0x1 ./RotaryEncoderButton/RtrEncdBtn.o
                0x00000000008001f7                up
 .bss.signalButton
                0x00000000008001f8        0x1 ./RotaryEncoderButton/RtrEncdBtn.o
                0x00000000008001f8                signalButton
 .bss.doubleClicked
                0x00000000008001f9        0x1 ./RotaryEncoderButton/RtrEncdBtn.o
                0x00000000008001f9                doubleClicked
 .bss.clicked   0x00000000008001fa        0x1 ./RotaryEncoderButton/RtrEncdBtn.o
                0x00000000008001fa                clicked
 .bss.holdCnt   0x00000000008001fb        0x1 ./RotaryEncoderButton/RtrEncdBtn.o
                0x00000000008001fb                holdCnt
 .bss.pnt       0x00000000008001fc        0x1 ./RotaryEncoderButton/RtrEncdBtn.o
 .bss.ArrayOfClicks
                0x00000000008001fd       0x19 ./RotaryEncoderButton/RtrEncdBtn.o
 .bss.autoProgramTimeEnabled
                0x0000000000800216        0x1 ./HeatingSystem/heatingSys.o
                0x0000000000800216                autoProgramTimeEnabled
 .bss.count.4055
                0x0000000000800217        0x1 ./main.o
 .bss.u8g_dev_ssd1306_128x64_i2c_buf
                0x0000000000800218       0x80 /home/unix/Arduino/Thermostat_RottaryButton/Phaethon/atmega328_Core/u8glib/Debug/libu8glib.a(u8g_dev_ssd1306_128x64.o)
                0x0000000000800218                u8g_dev_ssd1306_128x64_i2c_buf
 .bss.u8g_i2c_err_pos
                0x0000000000800298        0x1 /home/unix/Arduino/Thermostat_RottaryButton/Phaethon/atmega328_Core/u8glib/Debug/libu8glib.a(u8g_com_i2c.o)
 .bss.u8g_i2c_opt
                0x0000000000800299        0x1 /home/unix/Arduino/Thermostat_RottaryButton/Phaethon/atmega328_Core/u8glib/Debug/libu8glib.a(u8g_com_i2c.o)
 .bss.u8g_i2c_err_code
                0x000000000080029a        0x1 /home/unix/Arduino/Thermostat_RottaryButton/Phaethon/atmega328_Core/u8glib/Debug/libu8glib.a(u8g_com_i2c.o)
 *(COMMON)
 COMMON         0x000000000080029b       0x51 ./timerInterrupt/timerInterrupt.o
                0x000000000080029b                counter100MS
                0x000000000080029c                task_list
 COMMON         0x00000000008002ec       0x19 ./eeprom_calib/eeprom_calib.o
                0x00000000008002ec                CALinRAM
 COMMON         0x0000000000800305       0x49 ./ds1307/ds1307.o
                0x0000000000800305                u8g
                0x000000000080033c                buff
                0x0000000000800344                temp
                0x0000000000800346                mystr
 COMMON         0x000000000080034e       0x32 ./ctrlSystem/Ctrl_Subsystem.o
                0x000000000080034e                isCoolingOn
                0x000000000080034f                inputValue_Coolg
                0x0000000000800351                inputValue_Htng
                0x0000000000800353                pidData_Coolg
                0x0000000000800365                isHeatingOn
                0x0000000000800366                selectProgram
                0x0000000000800367                Ctrl_Subsystem_DW
                0x0000000000800369                stateOfProgram
                0x000000000080036a                Ctrl_Subsystem_Y
                0x000000000080036e                pidData_Htng
 COMMON         0x0000000000800380       0x50 ./main.o
                0x0000000000800380                buf
                0x00000000008003d0                PROVIDE (__bss_end, .)
                0x00000000000067fc                __data_load_start = LOADADDR (.data)
                0x00000000000068ec                __data_load_end = (__data_load_start + SIZEOF (.data))

.noinit         0x00000000008003d0        0x0
                0x00000000008003d0                PROVIDE (__noinit_start, .)
 *(.noinit*)
                0x00000000008003d0                PROVIDE (__noinit_end, .)
                0x00000000008003d0                _end = .
                0x00000000008003d0                PROVIDE (__heap_start, .)

.eeprom         0x0000000000810000       0x19
 *(.eeprom*)
 .eeprom        0x0000000000810000       0x19 ./eeprom_calib/eeprom_calib.o
                0x0000000000810000                CALinEE
                0x0000000000810019                __eeprom_end = .

.fuse
 *(.fuse)
 *(.lfuse)
 *(.hfuse)
 *(.efuse)

.lock
 *(.lock*)

.signature
 *(.signature*)

.stab           0x0000000000000000     0xbfd0
 *(.stab)
 .stab          0x0000000000000000      0x6cc /usr/lib/gcc/avr/4.8.2/../../../../avr/lib/avr5/crtm328.o
 .stab          0x00000000000006cc      0x7e0 /home/unix/Arduino/Thermostat_RottaryButton/Phaethon/atmega328_Core/u8glib/Debug/libu8glib.a(u8g_bitmap.o)
                                        0xc3c (size before relaxing)
 .stab          0x0000000000000eac      0x588 /home/unix/Arduino/Thermostat_RottaryButton/Phaethon/atmega328_Core/u8glib/Debug/libu8glib.a(u8g_circle.o)
                                        0xbdc (size before relaxing)
 .stab          0x0000000000001434      0x3d8 /home/unix/Arduino/Thermostat_RottaryButton/Phaethon/atmega328_Core/u8glib/Debug/libu8glib.a(u8g_clip.o)
                                        0x744 (size before relaxing)
 .stab          0x000000000000180c      0x42c /home/unix/Arduino/Thermostat_RottaryButton/Phaethon/atmega328_Core/u8glib/Debug/libu8glib.a(u8g_dev_ssd1306_128x64.o)
                                        0xfa8 (size before relaxing)
 .stab          0x0000000000001c38      0xc90 /home/unix/Arduino/Thermostat_RottaryButton/Phaethon/atmega328_Core/u8glib/Debug/libu8glib.a(u8g_font.o)
                                       0x3210 (size before relaxing)
 .stab          0x00000000000028c8     0x1554 /home/unix/Arduino/Thermostat_RottaryButton/Phaethon/atmega328_Core/u8glib/Debug/libu8glib.a(u8g_font_data.o)
                                       0x18c0 (size before relaxing)
 .stab          0x0000000000003e1c      0xa2c /home/unix/Arduino/Thermostat_RottaryButton/Phaethon/atmega328_Core/u8glib/Debug/libu8glib.a(u8g_ll_api.o)
                                       0x1de8 (size before relaxing)
 .stab          0x0000000000004848      0x4ec /home/unix/Arduino/Thermostat_RottaryButton/Phaethon/atmega328_Core/u8glib/Debug/libu8glib.a(u8g_pb.o)
                                        0x99c (size before relaxing)
 .stab          0x0000000000004d34      0x2ac /home/unix/Arduino/Thermostat_RottaryButton/Phaethon/atmega328_Core/u8glib/Debug/libu8glib.a(u8g_pb16v1.o)
                                        0xb58 (size before relaxing)
 .stab          0x0000000000004fe0      0x63c /home/unix/Arduino/Thermostat_RottaryButton/Phaethon/atmega328_Core/u8glib/Debug/libu8glib.a(u8g_pb8v1.o)
                                        0xaec (size before relaxing)
 .stab          0x000000000000561c      0x2ac /home/unix/Arduino/Thermostat_RottaryButton/Phaethon/atmega328_Core/u8glib/Debug/libu8glib.a(u8g_rect.o)
                                        0xe28 (size before relaxing)
 .stab          0x00000000000058c8      0x2d0 /home/unix/Arduino/Thermostat_RottaryButton/Phaethon/atmega328_Core/u8glib/Debug/libu8glib.a(u8g_state.o)
                                        0x744 (size before relaxing)
 .stab          0x0000000000005b98      0x654 /home/unix/Arduino/Thermostat_RottaryButton/Phaethon/atmega328_Core/u8glib/Debug/libu8glib.a(u8g_com_api.o)
                                        0xa50 (size before relaxing)
 .stab          0x00000000000061ec      0x4bc /home/unix/Arduino/Thermostat_RottaryButton/Phaethon/atmega328_Core/u8glib/Debug/libu8glib.a(u8g_com_arduino_ssd_i2c.o)
                                        0x828 (size before relaxing)
 .stab          0x00000000000066a8      0x2ac /home/unix/Arduino/Thermostat_RottaryButton/Phaethon/atmega328_Core/u8glib/Debug/libu8glib.a(u8g_com_atmega_hw_spi.o)
                                        0x834 (size before relaxing)
 .stab          0x0000000000006954      0x2ac /home/unix/Arduino/Thermostat_RottaryButton/Phaethon/atmega328_Core/u8glib/Debug/libu8glib.a(u8g_com_atmega_sw_spi.o)
                                        0x840 (size before relaxing)
 .stab          0x0000000000006c00      0x648 /home/unix/Arduino/Thermostat_RottaryButton/Phaethon/atmega328_Core/u8glib/Debug/libu8glib.a(u8g_com_i2c.o)
                                        0x9fc (size before relaxing)
 .stab          0x0000000000007248      0x2b8 /home/unix/Arduino/Thermostat_RottaryButton/Phaethon/atmega328_Core/u8glib/Debug/libu8glib.a(u8g_com_io.o)
                                        0x9f0 (size before relaxing)
 .stab          0x0000000000007500      0x33c /home/unix/Arduino/Thermostat_RottaryButton/Phaethon/atmega328_Core/u8glib/Debug/libu8glib.a(u8g_delay.o)
                                        0x720 (size before relaxing)
 .stab          0x000000000000783c      0x3a8 /home/unix/Arduino/Thermostat_RottaryButton/Phaethon/atmega328_Core/u8glib/Debug/libu8glib.a(u8g_page.o)
                                        0x780 (size before relaxing)
 .stab          0x0000000000007be4       0xcc /usr/lib/gcc/avr/4.8.2/avr5/libgcc.a(_mulshisi3.o)
                                         0xd8 (size before relaxing)
 .stab          0x0000000000007cb0       0xe4 /usr/lib/gcc/avr/4.8.2/avr5/libgcc.a(_udivmodqi4.o)
                                         0xf0 (size before relaxing)
 .stab          0x0000000000007d94      0x138 /usr/lib/gcc/avr/4.8.2/avr5/libgcc.a(_divmodhi4.o)
                                        0x144 (size before relaxing)
 .stab          0x0000000000007ecc      0x144 /usr/lib/gcc/avr/4.8.2/avr5/libgcc.a(_divmodsi4.o)
                                        0x150 (size before relaxing)
 .stab          0x0000000000008010       0x6c /usr/lib/gcc/avr/4.8.2/avr5/libgcc.a(_negsi2.o)
                                         0x78 (size before relaxing)
 .stab          0x000000000000807c       0x6c /usr/lib/gcc/avr/4.8.2/avr5/libgcc.a(_exit.o)
                                         0x78 (size before relaxing)
 .stab          0x00000000000080e8       0x3c /usr/lib/gcc/avr/4.8.2/avr5/libgcc.a(_tablejump.o)
                                         0xd8 (size before relaxing)
 .stab          0x0000000000008124       0xd8 /usr/lib/gcc/avr/4.8.2/avr5/libgcc.a(_copy_data.o)
                                         0xe4 (size before relaxing)
 .stab          0x00000000000081fc       0xb4 /usr/lib/gcc/avr/4.8.2/avr5/libgcc.a(_clear_bss.o)
                                         0xc0 (size before relaxing)
 .stab          0x00000000000082b0       0xcc /usr/lib/gcc/avr/4.8.2/avr5/libgcc.a(_muluhisi3.o)
                                         0xd8 (size before relaxing)
 .stab          0x000000000000837c      0x15c /usr/lib/gcc/avr/4.8.2/avr5/libgcc.a(_udivmodhi4.o)
                                        0x168 (size before relaxing)
 .stab          0x00000000000084d8      0x228 /usr/lib/gcc/avr/4.8.2/avr5/libgcc.a(_udivmodsi4.o)
                                        0x234 (size before relaxing)
 .stab          0x0000000000008700      0x108 /usr/lib/gcc/avr/4.8.2/avr5/libgcc.a(_umulhisi3.o)
                                        0x114 (size before relaxing)
 .stab          0x0000000000008808       0x6c /usr/lib/gcc/avr/4.8.2/../../../../avr/lib/avr5/libm.a(fixsfsi.o)
                                         0x78 (size before relaxing)
 .stab          0x0000000000008874      0x240 /usr/lib/gcc/avr/4.8.2/../../../../avr/lib/avr5/libm.a(fixunssfsi.o)
                                        0x24c (size before relaxing)
 .stab          0x0000000000008ab4      0x318 /usr/lib/gcc/avr/4.8.2/../../../../avr/lib/avr5/libm.a(floatsisf.o)
                                        0x324 (size before relaxing)
 .stab          0x0000000000008dcc      0x1d4 /usr/lib/gcc/avr/4.8.2/../../../../avr/lib/avr5/libm.a(fp_split3.o)
                                        0x1e0 (size before relaxing)
 .stab          0x0000000000008fa0       0x90 /usr/lib/gcc/avr/4.8.2/../../../../avr/lib/avr5/libm.a(fp_zero.o)
                                         0x9c (size before relaxing)
 .stab          0x0000000000009030       0x48 /usr/lib/gcc/avr/4.8.2/../../../../avr/lib/avr5/libm.a(mulsf3.o)
                                         0x54 (size before relaxing)
 .stab          0x0000000000009078      0x4d4 /usr/lib/gcc/avr/4.8.2/../../../../avr/lib/avr5/libm.a(mulsf3x.o)
                                        0x4e0 (size before relaxing)
 .stab          0x000000000000954c      0x1b0 /usr/lib/gcc/avr/4.8.2/../../../../avr/lib/avr5/libm.a(round.o)
                                        0x1bc (size before relaxing)
 .stab          0x00000000000096fc       0x78 /usr/lib/gcc/avr/4.8.2/../../../../avr/lib/avr5/libm.a(fp_inf.o)
                                         0x84 (size before relaxing)
 .stab          0x0000000000009774      0x174 /usr/lib/gcc/avr/4.8.2/../../../../avr/lib/avr5/libm.a(fp_mintl.o)
                                        0x180 (size before relaxing)
 .stab          0x00000000000098e8       0xe4 /usr/lib/gcc/avr/4.8.2/../../../../avr/lib/avr5/libm.a(fp_mpack.o)
                                         0xf0 (size before relaxing)
 .stab          0x00000000000099cc       0x54 /usr/lib/gcc/avr/4.8.2/../../../../avr/lib/avr5/libm.a(fp_nan.o)
                                         0x60 (size before relaxing)
 .stab          0x0000000000009a20       0x84 /usr/lib/gcc/avr/4.8.2/../../../../avr/lib/avr5/libm.a(fp_pscA.o)
                                         0x90 (size before relaxing)
 .stab          0x0000000000009aa4       0x84 /usr/lib/gcc/avr/4.8.2/../../../../avr/lib/avr5/libm.a(fp_pscB.o)
                                         0x90 (size before relaxing)
 .stab          0x0000000000009b28       0xfc /usr/lib/gcc/avr/4.8.2/../../../../avr/lib/avr5/libm.a(fp_round.o)
                                        0x108 (size before relaxing)
 .stab          0x0000000000009c24       0x84 /usr/lib/gcc/avr/4.8.2/../../../../avr/lib/avr5/libc.a(memcpy_P.o)
                                         0x90 (size before relaxing)
 .stab          0x0000000000009ca8      0x540 /usr/lib/gcc/avr/4.8.2/../../../../avr/lib/avr5/libc.a(sprintf.o)
                                        0x54c (size before relaxing)
 .stab          0x000000000000a1e8      0x36c /usr/lib/gcc/avr/4.8.2/../../../../avr/lib/avr5/libc.a(sprintf_p.o)
                                        0x54c (size before relaxing)
 .stab          0x000000000000a554      0xba0 /usr/lib/gcc/avr/4.8.2/../../../../avr/lib/avr5/libc.a(vfprintf_std.o)
                                        0xd80 (size before relaxing)
 .stab          0x000000000000b0f4      0x108 /usr/lib/gcc/avr/4.8.2/../../../../avr/lib/avr5/libc.a(eerd_block_atmega328.o)
                                        0x114 (size before relaxing)
 .stab          0x000000000000b1fc       0x9c /usr/lib/gcc/avr/4.8.2/../../../../avr/lib/avr5/libc.a(eewr_block_atmega328.o)
                                         0xa8 (size before relaxing)
 .stab          0x000000000000b298       0xe4 /usr/lib/gcc/avr/4.8.2/../../../../avr/lib/avr5/libc.a(eewr_byte_atmega328.o)
                                         0xf0 (size before relaxing)
 .stab          0x000000000000b37c       0x9c /usr/lib/gcc/avr/4.8.2/../../../../avr/lib/avr5/libc.a(strnlen_P.o)
                                         0xa8 (size before relaxing)
 .stab          0x000000000000b418       0x9c /usr/lib/gcc/avr/4.8.2/../../../../avr/lib/avr5/libc.a(strnlen.o)
                                         0xa8 (size before relaxing)
 .stab          0x000000000000b4b4      0x354 /usr/lib/gcc/avr/4.8.2/../../../../avr/lib/avr5/libc.a(fputc.o)
                                        0x534 (size before relaxing)
 .stab          0x000000000000b808      0x480 /usr/lib/gcc/avr/4.8.2/../../../../avr/lib/avr5/libc.a(ultoa_invert.o)
                                        0x48c (size before relaxing)
 .stab          0x000000000000bc88      0x1a4 /usr/lib/gcc/avr/4.8.2/avr5/libgcc.a(_prologue.o)
                                        0x1b0 (size before relaxing)
 .stab          0x000000000000be2c      0x1a4 /usr/lib/gcc/avr/4.8.2/avr5/libgcc.a(_epilogue.o)
                                        0x1b0 (size before relaxing)

.stabstr        0x0000000000000000     0x9441
 *(.stabstr)
 .stabstr       0x0000000000000000     0x9441 /usr/lib/gcc/avr/4.8.2/../../../../avr/lib/avr5/crtm328.o

.stab.excl
 *(.stab.excl)

.stab.exclstr
 *(.stab.exclstr)

.stab.index
 *(.stab.index)

.stab.indexstr
 *(.stab.indexstr)

.comment        0x0000000000000000       0x42
 *(.comment)
 .comment       0x0000000000000000       0x21 ./timerInterrupt/timerInterrupt.o
                                         0x22 (size before relaxing)
 .comment       0x0000000000000000       0x22 ./i2c/i2c.o
 .comment       0x0000000000000000       0x22 ./eeprom_calib/eeprom_calib.o
 .comment       0x0000000000000000       0x22 ./ds1307/ds1307.o
 .comment       0x0000000000000000       0x22 ./ctrlSystem/Ctrl_Subsystem.o
 .comment       0x0000000000000000       0x22 ./adt7301/temperatureSens.o
 .comment       0x0000000000000000       0x22 ./SPI/spi.o
 .comment       0x0000000000000000       0x22 ./RotaryEncoderButton/RtrEncdBtn.o
 .comment       0x0000000000000000       0x22 ./PID/pid.o
 .comment       0x0000000000000000       0x22 ./OLED_graphics/OLED_graphics.o
 .comment       0x0000000000000000       0x22 ./HeatingSystem/heatingSys.o
 .comment       0x0000000000000000       0x22 ./main.o
 .comment       0x0000000000000000       0x22 /home/unix/Arduino/Thermostat_RottaryButton/Phaethon/atmega328_Core/u8glib/Debug/libu8glib.a(u8g_bitmap.o)
 .comment       0x0000000000000000       0x22 /home/unix/Arduino/Thermostat_RottaryButton/Phaethon/atmega328_Core/u8glib/Debug/libu8glib.a(u8g_circle.o)
 .comment       0x0000000000000000       0x22 /home/unix/Arduino/Thermostat_RottaryButton/Phaethon/atmega328_Core/u8glib/Debug/libu8glib.a(u8g_clip.o)
 .comment       0x0000000000000000       0x22 /home/unix/Arduino/Thermostat_RottaryButton/Phaethon/atmega328_Core/u8glib/Debug/libu8glib.a(u8g_dev_ssd1306_128x64.o)
 .comment       0x0000000000000000       0x22 /home/unix/Arduino/Thermostat_RottaryButton/Phaethon/atmega328_Core/u8glib/Debug/libu8glib.a(u8g_font.o)
 .comment       0x0000000000000000       0x22 /home/unix/Arduino/Thermostat_RottaryButton/Phaethon/atmega328_Core/u8glib/Debug/libu8glib.a(u8g_font_data.o)
 .comment       0x0000000000000000       0x22 /home/unix/Arduino/Thermostat_RottaryButton/Phaethon/atmega328_Core/u8glib/Debug/libu8glib.a(u8g_ll_api.o)
 .comment       0x0000000000000000       0x22 /home/unix/Arduino/Thermostat_RottaryButton/Phaethon/atmega328_Core/u8glib/Debug/libu8glib.a(u8g_pb.o)
 .comment       0x0000000000000000       0x22 /home/unix/Arduino/Thermostat_RottaryButton/Phaethon/atmega328_Core/u8glib/Debug/libu8glib.a(u8g_pb16v1.o)
 .comment       0x0000000000000000       0x22 /home/unix/Arduino/Thermostat_RottaryButton/Phaethon/atmega328_Core/u8glib/Debug/libu8glib.a(u8g_pb8v1.o)
 .comment       0x0000000000000000       0x22 /home/unix/Arduino/Thermostat_RottaryButton/Phaethon/atmega328_Core/u8glib/Debug/libu8glib.a(u8g_rect.o)
 .comment       0x0000000000000000       0x22 /home/unix/Arduino/Thermostat_RottaryButton/Phaethon/atmega328_Core/u8glib/Debug/libu8glib.a(u8g_state.o)
 .comment       0x0000000000000000       0x22 /home/unix/Arduino/Thermostat_RottaryButton/Phaethon/atmega328_Core/u8glib/Debug/libu8glib.a(u8g_com_api.o)
 .comment       0x0000000000000000       0x22 /home/unix/Arduino/Thermostat_RottaryButton/Phaethon/atmega328_Core/u8glib/Debug/libu8glib.a(u8g_com_arduino_ssd_i2c.o)
 .comment       0x0000000000000000       0x22 /home/unix/Arduino/Thermostat_RottaryButton/Phaethon/atmega328_Core/u8glib/Debug/libu8glib.a(u8g_com_atmega_hw_spi.o)
 .comment       0x0000000000000000       0x22 /home/unix/Arduino/Thermostat_RottaryButton/Phaethon/atmega328_Core/u8glib/Debug/libu8glib.a(u8g_com_atmega_sw_spi.o)
 .comment       0x0000000000000000       0x22 /home/unix/Arduino/Thermostat_RottaryButton/Phaethon/atmega328_Core/u8glib/Debug/libu8glib.a(u8g_com_i2c.o)
 .comment       0x0000000000000000       0x22 /home/unix/Arduino/Thermostat_RottaryButton/Phaethon/atmega328_Core/u8glib/Debug/libu8glib.a(u8g_com_io.o)
 .comment       0x0000000000000000       0x22 /home/unix/Arduino/Thermostat_RottaryButton/Phaethon/atmega328_Core/u8glib/Debug/libu8glib.a(u8g_delay.o)
 .comment       0x0000000000000000       0x22 /home/unix/Arduino/Thermostat_RottaryButton/Phaethon/atmega328_Core/u8glib/Debug/libu8glib.a(u8g_page.o)
 .comment       0x0000000000000021       0x21 /usr/lib/gcc/avr/4.8.2/../../../../avr/lib/avr5/libc.a(sprintf.o)
                                         0x22 (size before relaxing)
 .comment       0x0000000000000000       0x22 /usr/lib/gcc/avr/4.8.2/../../../../avr/lib/avr5/libc.a(sprintf_p.o)
 .comment       0x0000000000000000       0x22 /usr/lib/gcc/avr/4.8.2/../../../../avr/lib/avr5/libc.a(vfprintf_std.o)
 .comment       0x0000000000000000       0x22 /usr/lib/gcc/avr/4.8.2/../../../../avr/lib/avr5/libc.a(fputc.o)

.note.gnu.build-id
 *(.note.gnu.build-id)

.debug
 *(.debug)

.line
 *(.line)

.debug_srcinfo
 *(.debug_srcinfo)

.debug_sfnames
 *(.debug_sfnames)

.debug_aranges
 *(.debug_aranges)

.debug_pubnames
 *(.debug_pubnames)

.debug_info
 *(.debug_info .gnu.linkonce.wi.*)

.debug_abbrev
 *(.debug_abbrev)

.debug_line
 *(.debug_line .debug_line.* .debug_line_end)

.debug_frame
 *(.debug_frame)

.debug_str
 *(.debug_str)

.debug_loc
 *(.debug_loc)

.debug_macinfo
 *(.debug_macinfo)

.debug_weaknames
 *(.debug_weaknames)

.debug_funcnames
 *(.debug_funcnames)

.debug_typenames
 *(.debug_typenames)

.debug_varnames
 *(.debug_varnames)

.debug_pubtypes
 *(.debug_pubtypes)

.debug_ranges
 *(.debug_ranges)

.debug_macro
 *(.debug_macro)
OUTPUT(Phaethon_Ccode.elf elf32-avr)
LOAD linker stubs
